
> herbal-mehendi-saas@0.1.0 build
> next build

Γû▓ Next.js 16.2.1 (Turbopack)
- Environments: .env.local

node.exe : ΓÜá The 
"middleware" file 
convention is 
deprecated. Please 
use "proxy" instead. 
Learn more: https://ne
xtjs.org/docs/messages
/middleware-to-proxy
At line:1 char:1
+ & "C:\Program Files\
nodejs/node.exe" 
"C:\Program 
Files\nodejs/node_mo 
...
+ ~~~~~~~~~~~~~~~~~~~~
~~~~~~~~~~~~~~~~~~~~~~
~~~~~~~~~~~~~~~~~~~~~~
~~~~~
    + CategoryInfo    
          : NotSpeci  
  fied: (ΓÜá The "m   
 iddle...leware-to    
-proxy:String) []    
, RemoteException
    + FullyQualifiedE 
   rrorId : NativeCo  
  mmandError
 
  Creating an optimized production build ...
Γ£ô Compiled successfully in 9.2s
  Running TypeScript ...
  Finished TypeScript in 9.3s ...
  Collecting page data using 11 workers ...
  Generating static pages using 11 workers (0/14) ...
  Generating static pages using 11 workers (3/14) 
  Generating static pages using 11 workers (6/14) 
ΓÜá∩╕Å Supabase URL 
is using a 
placeholder. Please 
update .env.local 
with your real 
project URL.
ΓÜá∩╕Å Supabase URL 
is using a 
placeholder. Please 
update .env.local 
with your real 
project URL.
Error occurred 
prerendering page 
"/". Read more: https:
//nextjs.org/docs/mess
ages/prerender-error
Error: Attempted to 
call createMotionCompo
nent() from the 
server but 
createMotionComponent 
is on the client. 
It's not possible to 
invoke a client 
function from the 
server, it can only 
be rendered as a 
Component or passed 
to props of a Client 
Component.
    at <unknown> (G:\w
ebs\e-com\.next\server
\chunks\ssr\_07yg0-f._
.js:1:5656)
    at Object.get (G:\
webs\e-com\.next\serve
r\chunks\ssr\_07yg0-f.
_.js:1:112264)
    at <unknown> (G:\w
ebs\e-com\.next\server
\chunks\ssr\_07yg0-f._
.js:1:121621)
    at Array.map 
(<anonymous>)
    at fe (G:\webs\e-c
om\.next\server\chunks
\ssr\_07yg0-f._.js:1:1
21596) {
  digest: '1499587648'
}
Export encountered an 
error on /page: /, 
exiting the build.
Γ¿» Next.js build 
worker exited with 
code: 1 and signal: 
null
